// Jest Snapshot v1, https://goo.gl/fbAQLP

exports[`should render Header correctly 1`] = `
<header>
  <h1>
    header
  </h1>
  <NavLink
    activeClassName="is-active"
    aria-current="page"
    exact={true}
    to="/"
  >
    Home
  </NavLink>
  <NavLink
    activeClassName="is-active"
    aria-current="page"
    exact={true}
    to="/trips"
  >
    Trips
  </NavLink>
  <NavLink
    activeClassName="is-active"
    aria-current="page"
    exact={true}
    to="/trips/new"
  >
    New Trip
  </NavLink>
  <NavLink
    activeClassName="is-active"
    aria-current="page"
    to="/profile"
  >
    Profile
  </NavLink>
</header>
`;
